------------------------------------------------------------
Timing Analyzer Summary
------------------------------------------------------------

Type  : Slow 1100mV 85C Model Setup 'clk'
Slack : -5.821
TNS   : -93.402

Type  : Slow 1100mV 85C Model Setup 'clock_divider:ClockDivider|temp_clk'
Slack : -1.424
TNS   : -10.486

Type  : Slow 1100mV 85C Model Hold 'clk'
Slack : 0.441
TNS   : 0.000

Type  : Slow 1100mV 85C Model Hold 'clock_divider:ClockDivider|temp_clk'
Slack : 0.761
TNS   : 0.000

Type  : Slow 1100mV 85C Model Minimum Pulse Width 'clk'
Slack : -0.538
TNS   : -23.096

Type  : Slow 1100mV 85C Model Minimum Pulse Width 'clock_divider:ClockDivider|temp_clk'
Slack : -0.538
TNS   : -7.870

Type  : Slow 1100mV 0C Model Setup 'clk'
Slack : -5.927
TNS   : -93.776

Type  : Slow 1100mV 0C Model Setup 'clock_divider:ClockDivider|temp_clk'
Slack : -1.480
TNS   : -10.764

Type  : Slow 1100mV 0C Model Hold 'clk'
Slack : 0.449
TNS   : 0.000

Type  : Slow 1100mV 0C Model Hold 'clock_divider:ClockDivider|temp_clk'
Slack : 0.783
TNS   : 0.000

Type  : Slow 1100mV 0C Model Minimum Pulse Width 'clk'
Slack : -0.538
TNS   : -23.873

Type  : Slow 1100mV 0C Model Minimum Pulse Width 'clock_divider:ClockDivider|temp_clk'
Slack : -0.538
TNS   : -7.797

Type  : Fast 1100mV 85C Model Setup 'clk'
Slack : -3.268
TNS   : -34.392

Type  : Fast 1100mV 85C Model Setup 'clock_divider:ClockDivider|temp_clk'
Slack : -0.405
TNS   : -2.231

Type  : Fast 1100mV 85C Model Hold 'clk'
Slack : 0.200
TNS   : 0.000

Type  : Fast 1100mV 85C Model Hold 'clock_divider:ClockDivider|temp_clk'
Slack : 0.268
TNS   : 0.000

Type  : Fast 1100mV 85C Model Minimum Pulse Width 'clk'
Slack : -0.280
TNS   : -2.914

Type  : Fast 1100mV 85C Model Minimum Pulse Width 'clock_divider:ClockDivider|temp_clk'
Slack : 0.141
TNS   : 0.000

Type  : Fast 1100mV 0C Model Setup 'clk'
Slack : -2.918
TNS   : -29.821

Type  : Fast 1100mV 0C Model Setup 'clock_divider:ClockDivider|temp_clk'
Slack : -0.348
TNS   : -1.725

Type  : Fast 1100mV 0C Model Hold 'clk'
Slack : 0.190
TNS   : 0.000

Type  : Fast 1100mV 0C Model Hold 'clock_divider:ClockDivider|temp_clk'
Slack : 0.238
TNS   : 0.000

Type  : Fast 1100mV 0C Model Minimum Pulse Width 'clk'
Slack : -0.276
TNS   : -3.004

Type  : Fast 1100mV 0C Model Minimum Pulse Width 'clock_divider:ClockDivider|temp_clk'
Slack : 0.148
TNS   : 0.000

------------------------------------------------------------
